power|generator|9
power|plant|1
power|substation|15
tower||1
