aerialway|animal_crossing|1
highway|cycleway|4
highway|footway|3
highway|path|3
railway|abandoned|21
railway|disused|22
railway|light_rail|2
railway|rail|512
railway|subway|225
railway|tram|37
