highway|elevator|1
railway|platform|34
service_center||1
station||1
stop_area||1
waiting_area||10
