bus|Metro Bus 3Y 7Y 11Y 80 S1 16Y OmniRide G MTA Commuter Bus|2
bus|yes|13
highway|bus_stop|376
platform||1
station||50
stop_position||106
train|yes|24
