construction|7
cycleway|259
elevator|4
footway|7406
living_street|25
motorway|476
motorway_link|401
path|551
pedestrian|93
primary|2549
primary_link|264
proposed|11
residential|4978
road|1
secondary|1462
secondary_link|67
service|13857
services|2
steps|372
tertiary|1483
tertiary_link|63
track|67
trunk|84
trunk_link|31
unclassified|208
