elevator|3
footway|25
living_street|1
pedestrian|55
service|1
services|1
steps|1
